---
source: tests/tui/visual.rs
assertion_line: 47
expression: structure
---
  0: ┌ Todo (0/0)─────────────────── ┐┌──────────────────────────────────────────────────────── h/l:panels j/k:panes ┐┌ Subagents (0/0)────────────────────────────── ┐
  1:  │No items. Use                  │ │┌Messages──────────────────────────────────────────────────────────────────── ┐ │ │No subagents running │
 12:  └────────────────────────────── ┘ │ │ │ │ └────────────────────────────────────────────── ┘
 13: ┌ Files (0, 0 ops)───────────── ┐ │ │ │ │┌ Peers (0/0)────────────────────────────────── ┐
 24:  │ │ │ └──────────────────────────────────────────────────────────────────────────── ┘ │ │ │
 25:  └────────────────────────────── ┘ └────────────────────────────────────────────────────────────────────────────── ┘ └────────────────────────────────────────────── ┘
 26: ┌Input───────────────────────────────────────────────────────────────────────────────────────────────────────────────────────────────────────────────────────── ┐
 28:  └────────────────────────────────────────────────────────────────────────────────────────────────────────────────────────────────────────────────────────────── ┘
 29:  NORMAL  👤 default  ░░░░░░░░N/N.Nk   main  idle | MODEL
