---
source: tests/tui/visual.rs
expression: structure
---
  0: ┌ Todo (0/0)─── ┐┌──────────────── h/l:panels j/k:panes ┐┌ Subagents (0/0)────── ┐
  1:  │No items. Use │ │┌Messages──────────────────────────── ┐ │ │No subagents running │
 11:  └────────────── ┘ │ │ │ │ └────────────────────── ┘
 12: ┌ Files (0, 0 o ┐ │ │ │ │┌ Peers (0/0)────────── ┐
 18:  │ │ │ └──────────────────────────────────── ┘ │ │ │
 19:  │ │ │┌Input─────────────────────────────── ┐ │ │ │
 21:  │ │ │ └──────────────────────────────────── ┘ │ │ │
 22:  │ │ │ NORMAL  👤 default  ░░░░░░░░N/N.Nk │ │ │
 23:  └────────────── ┘ └────────────────────────────────────── ┘ └────────────────────── ┘
