---
source: tests/tui/visual.rs
expression: structure
---
  0: ┌ Todo (0/0)─────── ┐┌────────────────────────── h/l:panels j/k:panes ┐┌ Subagents (0/0)──────────── ┐
  1:  │No items. Use │ │┌Messages────────────────────────────────────── ┐ │ │No subagents running │
  4:  │ │ │ │┌ Space ────────────────── ┐ │ │ │ │
 14:  └────────────────── ┘ │ │ │fsearch output │ │ │ └──────────────────────────── ┘
 15: ┌ Files (0, 0 ops)─ ┐ │ │ │llayout… │ │ │┌ Peers (0/0)──────────────── ┐
 24:  │ │ │ └────────────── │  esc close │───── ┘ │ │ │
 25:  │ │ │┌Input───────── └───────────────────────── ┘───── ┐ │ │ │
 27:  │ │ │ └────────────────────────────────────────────── ┘ │ │ │
 28:  │ │ │ NORMAL  👤 default  ░░░░░░░░N/N.Nk   main │ │ │
 29:  └────────────────── ┘ └──────────────────────────────────────────────── ┘ └──────────────────────────── ┘
