---
source: tests/tui/tmux_smoke.rs
expression: normalized
---
┌ Todo (0/0)───────┐┌────────────────────────── h/l:panels j/k:panes ┐┌ Subagents (0/0)────────────┐
│No items. Use     ││┌Messages──────────────────────────────────────┐││No subagents running        │
│/todo add <text>  │││  clankers — MODEL — keymap: helix —│││                            │
│or the todo tool. │││press i to start typing                       │││                            │
│                  │││              ┌ Space ──────────────────┐     │││                            │
│                  │││              │  ?  help                │     │││                            │
│                  │││              │  C  compact             │     │││                            │
│                  │││              │  G  GitHub              │     │││                            │
│                  │││              │  H  hooks               │     │││                            │
│                  │││              │  L  loop…               │     │││                            │
│                  │││              │  T  show/hide thinking  │     │││                            │
│                  │││              │  `  toggle panel        │     │││                            │
└──────────────────┘││              │  a  account             │     ││└────────────────────────────┘
┌ Files (0, 0 ops)─┐││              │  c  cancel/abort        │     ││┌ Peers (0/0)────────────────┐
│No files touched  │││              │  f  search output       │     │││No peers known. /peers add  │
│yet.              │││              │  l  layout…             │     │││<id> <name>                 │
│                  │││              │  m  model               │     │││                            │
│                  │││              │  o  external editor     │     │││                            │
│                  │││              │  p  pane…               │     │││                            │
│                  │││              │  s  session…            │     │││                            │
│                  │││              │  t  toggle thinking     │     │││                            │
│                  │││              │  w  tools               │     │││                            │
│                  │││              │  x  clear input         │     │││                            │
│                  │││              │                         │     │││                            │
│                  ││└──────────────│  esc close              │─────┘││                            │
└──────────────────┘└───────────────└─────────────────────────┘──────┘└────────────────────────────┘
┌Input─────────────────────────────────────────────────────────────────────────────────────────────┐
│                                                                                                  │
└──────────────────────────────────────────────────────────────────────────────────────────────────┘
 NORMAL  👤 default  ░░░░░░░░N/N.Nk   main  idle | MODEL | /home/brittonr/git/cla
