---
source: tests/tui/visual.rs
assertion_line: 84
expression: structure
---
  0: ┌ Todo (0/0)─────── ┐┌────────────────────────── h/l:panels j/k:panes ┐┌ Subagents (0/0)──────────── ┐
  1:  │No items. Use │ │┌Messages────────────────────────────────────── ┐ │ │No subagents running │
  2:  │/todo add <text> │ │ │┌ Space ────────────────── ┐lix — │ │ │ │
 12:  └────────────────── ┘ │ │ │Ssystem/memory… │ │ │ └──────────────────────────── ┘
 13: ┌ Files (0, 0 ops)─ ┐ │ │ │Tshow/hide thinking │ │ │┌ Peers (0/0)──────────────── ┐
 24:  │ │ │ └────────────── │  o  external editor │───── ┘ │ │ │
 25:  └────────────────── ┘ └─────────────── │  p  pane… │────── ┘ └──────────────────────────── ┘
 26: ┌Input────────────────────────────── │  q  quit │──────────────────────────────────── ┐
 27:  │ └───────────────────────── ┘ │
 28:  └────────────────────────────────────────────────────────────────────────────────────────────────── ┘
 29:  NORMAL  👤 default  ░░░░░░░░N/N.Nk   main  idle | MODEL | /home/brittonr/git
