---
source: tests/tui/tmux_smoke.rs
assertion_line: 150
expression: styled
---
{#505050/-}│{Blk/-}touched yet.{-/-}  {#505050/-}│{cyn/-}│{#505050/-}│{-/-}                                    {#505050/-}│{cyn/-}│{#505050/-}│{Blk/-}add <id> <name>{-/-}       {#505050/-}│
                                                                                
{#505050/-}│{-/-}              {#505050/-}│{cyn/-}│{#505050/-}│{-/-}                                    {#505050/-}│{cyn/-}│{#505050/-}│{-/-}                      {#505050/-}│
                                                                                
{#505050/-}│{-/-}              {#505050/-}│{cyn/-}│{#505050/-}│{-/-}                                    {#505050/-}│{cyn/-}│{#505050/-}│{-/-}                      {#505050/-}│
                                                                                
{#505050/-}│{-/-}              {#505050/-}│{cyn/-}│{#505050/-}│{-/-}                                    {#505050/-}│{cyn/-}│{#505050/-}│{-/-}                      {#505050/-}│
                                                                                
{#505050/-}│{-/-}              {#505050/-}│{cyn/-}│{#505050/-}│{-/-}                                    {#505050/-}│{cyn/-}│{#505050/-}│{-/-}                      {#505050/-}│
                                                                                
{#505050/-}│{-/-}              {#505050/-}│{cyn/-}│{#505050/-}│{-/-}                                    {#505050/-}│{cyn/-}│{#505050/-}│{-/-}                      {#505050/-}│
                                                                                
{#505050/-}│{-/-}              {#505050/-}│{cyn/-}│{#505050/-}└────────────────────────────────────┘{cyn/-}│{#505050/-}│{-/-}                      {#505050/-}│
                                                                                
{#505050/-}└──────────────┘{cyn/-}└──────────────────────────────────────┘{#505050/-}└──────────────────────┘
                                                                                
{#505050/-}┌Input─────────────────────────────────────────────────────────────────────────┐
                                                                                
{#505050/-}│{-/-}                                                                              {#505050/-}│
                                                                                
{#505050/-}└──────────────────────────────────────────────────────────────────────────────┘
                                                                                
{*blk/cyn} NORMAL {*blk/blu} 👤{-/-} {*blk/blu} default {*grn/-} ░░░░░░░░0/200.0k {*yel/-}  main *+65~150?2 {#dcdcdc/#1e1e1e} idle | claude-opus-4-6
