---
source: tests/tui/tmux_smoke.rs
assertion_line: 123
expression: normalized
---
┌ Todo (0/0)───────┐┌────────────────────────── h/l:panels j/k:panes ┐┌ Subagents (0/0)────────────┐
│No items. Use     ││┌Messages──────────────────────────────────────┐││No subagents running        │
│/todo add <text>  │││  clankers — c┌ Space ──────────────────┐lix —│││                            │
│or the todo tool. │││press i to sta│  ?  help                │     │││                            │
│                  │││              │  A  auto-test           │     │││                            │
│                  │││              │  C  compact             │     │││                            │
│                  │││              │  G  GitHub              │     │││                            │
│                  │││              │  I  prompt improve      │     │││                            │
│                  │││              │  L  loop…               │     │││                            │
│                  │││              │  M  model/thinking…     │     │││                            │
│                  │││              │  P  plan mode           │     │││                            │
│                  │││              │  R  code review         │     │││                            │
└──────────────────┘││              │  S  system/memory…      │     ││└────────────────────────────┘
┌ Files (0, 0 ops)─┐││              │  T  show/hide thinking  │     ││┌ Peers (0/0)────────────────┐
│No files touched  │││              │  `  toggle panel        │     │││No peers known. /peers add  │
│yet.              │││              │  a  account             │     │││<id> <name>                 │
│                  │││              │  b  branch…             │     │││                            │
│                  │││              │  c  cancel/abort        │     │││                            │
│                  │││              │  d  debug…              │     │││                            │
│                  │││              │  e  export              │     │││                            │
│                  │││              │  f  search output       │     │││                            │
│                  │││              │  i  info…               │     │││                            │
│                  │││              │  l  layout…             │     │││                            │
│                  │││              │  m  model               │     │││                            │
│                  ││└──────────────│  o  external editor     │─────┘││                            │
└──────────────────┘└───────────────│  p  pane…               │──────┘└────────────────────────────┘
┌Input──────────────────────────────│  q  quit                │────────────────────────────────────┐
│                                   └─────────────────────────┘                                    │
└──────────────────────────────────────────────────────────────────────────────────────────────────┘
 NORMAL  👤 default  ░░░░░░░░N/N.Nk   main  idle | MODEL
