---
source: tests/tui/visual.rs
expression: structure
---
  0: ┌ Todo (0/0)─────────────────── ┐┌──────────────────────────────────────────────────────── h/l:panels j/k:panes ┐┌ Subagents (0/0)────────────────────────────── ┐
  1:  │No items. Use /todo add <text> │ │┌Messages──────────────────────────────────────────────────────────────────── ┐ │ │No subagents running │
 14:  └────────────────────────────── ┘ │ │ │ │ └────────────────────────────────────────────── ┘
 15: ┌ Files (0, 0 ops)───────────── ┐ │ │ │ │┌ Peers (0/0)────────────────────────────────── ┐
 24:  │ │ │ └──────────────────────────────────────────────────────────────────────────── ┘ │ │ │
 25:  │ │ │┌Input─────────────────────────────────────────────────────────────────────── ┐ │ │ │
 27:  │ │ │ └──────────────────────────────────────────────────────────────────────────── ┘ │ │ │
 28:  │ │ │ NORMAL  👤 default  ░░░░░░░░N/N.Nk   main *~N?N  idle | MODEL | │ │ │
 29:  └────────────────────────────── ┘ └────────────────────────────────────────────────────────────────────────────── ┘ └────────────────────────────────────────────── ┘
