---
source: tests/tui/tmux_smoke.rs
expression: styled
---
{#505050/-}┌{*cyn/-} Files (0, 0 o{#505050/-}┐{cyn/-}│{#505050/-}│{-/-}                                    {#505050/-}│{cyn/-}│{#505050/-}┌{*cyn/-} Peers (0/0){#505050/-}──────────┐
                                                                                
{#505050/-}│{Blk/-}No files{-/-}      {#505050/-}│{cyn/-}│{#505050/-}│{-/-}                                    {#505050/-}│{cyn/-}│{#505050/-}│{Blk/-}No peers known. /peers{#505050/-}│
                                                                                
{#505050/-}│{Blk/-}touched yet.{-/-}  {#505050/-}│{cyn/-}│{#505050/-}│{-/-}                                    {#505050/-}│{cyn/-}│{#505050/-}│{Blk/-}add <id> <name>{-/-}       {#505050/-}│
                                                                                
{#505050/-}│{-/-}              {#505050/-}│{cyn/-}│{#505050/-}│{-/-}                                    {#505050/-}│{cyn/-}│{#505050/-}│{-/-}                      {#505050/-}│
                                                                                
{#505050/-}│{-/-}              {#505050/-}│{cyn/-}│{#505050/-}│{-/-}                                    {#505050/-}│{cyn/-}│{#505050/-}│{-/-}                      {#505050/-}│
                                                                                
{#505050/-}│{-/-}              {#505050/-}│{cyn/-}│{#505050/-}│{-/-}                                    {#505050/-}│{cyn/-}│{#505050/-}│{-/-}                      {#505050/-}│
                                                                                
{#505050/-}│{-/-}              {#505050/-}│{cyn/-}│{#505050/-}└────────────────────────────────────┘{cyn/-}│{#505050/-}│{-/-}                      {#505050/-}│
                                                                                
{#505050/-}│{-/-}              {#505050/-}│{cyn/-}│{#505050/-}┌Input───────────────────────────────┐{cyn/-}│{#505050/-}│{-/-}                      {#505050/-}│
                                                                                
{#505050/-}│{-/-}              {#505050/-}│{cyn/-}│{#505050/-}│{-/-}                                    {#505050/-}│{cyn/-}│{#505050/-}│{-/-}                      {#505050/-}│
                                                                                
{#505050/-}│{-/-}              {#505050/-}│{cyn/-}│{#505050/-}└────────────────────────────────────┘{cyn/-}│{#505050/-}│{-/-}                      {#505050/-}│
                                                                                
{#505050/-}│{-/-}              {#505050/-}│{cyn/-}│{*blk/cyn} NORMAL {*blk/blu} 👤{-/-} {*blk/blu} default {*grn/-} ░░░░░░░░0/200.0k {cyn/-}│{#505050/-}│{-/-}                      {#505050/-}│
                                                                                
{#505050/-}└──────────────┘{cyn/-}└──────────────────────────────────────┘{#505050/-}└──────────────────────┘
