---
source: tests/tui/visual.rs
expression: structure
---
  0: ┌ Todo (0/0)─────── ┐┌────────────────────────── h/l:panels j/k:panes ┐┌ Subagents (0/0)──────────── ┐
  1:  │No items. Use │ │┌Messages────────────────────────────────────── ┐ │ │No subagents running │
 12:  └────────────────── ┘ │ │ │ │ └──────────────────────────── ┘
 13: ┌ Files (0, 0 ops)─ ┐ │ │ │ │┌ Peers (0/0)──────────────── ┐
 14:  │┌ Commands ────────────────────────────────────── ┐ │ │ │No peers known. /peers add │
 24:  │ │ fork  Fork conversation to explore alternatives │────────────── ┘ │ │ │
 25:  └─── └──────────────────────────────────────────────── ┘─────────────── ┘ └──────────────────────────── ┘
 26: ┌Input───────────────────────────────────────────────────────────────────────────────────────────── ┐
 28:  └────────────────────────────────────────────────────────────────────────────────────────────────── ┘
 29:  INSERT  👤 default  ░░░░░░░░N/N.Nk   main  idle | MODEL | /home/brittonr/git/
