---
source: tests/tui/visual.rs
expression: structure
---
  0: ┌ Todo (0/0)─────────── ┐┌Messages────────────────────────────────────────────────── ┐┌ Subagents (0/0) j/k Tab Enter:ope ┐
 11:  └────────────────────── ┘ │ │ └────────────────────────────────── ┘
 12: ┌ Files (0, 0 ops)───── ┐ │ │┌ Peers (0/0)────────────────────── ┐
 19:  │ │ └────────────────────────────────────────────────────────── ┘ │ │
 20:  │ │┌Input───────────────────────────────────────────────────── ┐ │ │
 22:  │ │ └────────────────────────────────────────────────────────── ┘ │ │
 23:  └────────────────────── ┘ NORMAL  👤 default  ░░░░░░░░N/N.Nk   main *N  idle | └────────────────────────────────── ┘
